   1               		.file	"uart.cpp"
   2               	__SP_H__ = 0x3e
   3               	__SP_L__ = 0x3d
   4               	__SREG__ = 0x3f
   5               	__tmp_reg__ = 0
   6               	__zero_reg__ = 1
   7               		.text
   8               	.global	_Z9UART_Initv
  10               	_Z9UART_Initv:
  11               	/* prologue: function */
  12               	/* frame size = 0 */
  13               	/* stack size = 0 */
  14               	.L__stack_usage = 0
  15 0000 1092 C500 		sts 197,__zero_reg__
  16 0004 87E6      		ldi r24,lo8(103)
  17 0006 8093 C400 		sts 196,r24
  18 000a 88E1      		ldi r24,lo8(24)
  19 000c 8093 C100 		sts 193,r24
  20 0010 86E0      		ldi r24,lo8(6)
  21 0012 8093 C200 		sts 194,r24
  22               	/* epilogue start */
  23 0016 0895      		ret
  25               	.global	_Z13UART_Transmith
  27               	_Z13UART_Transmith:
  28               	/* prologue: function */
  29               	/* frame size = 0 */
  30               	/* stack size = 0 */
  31               	.L__stack_usage = 0
  32               	.L3:
  33 0018 9091 C000 		lds r25,192
  34 001c 95FF      		sbrs r25,5
  35 001e 00C0      		rjmp .L3
  36 0020 8093 C600 		sts 198,r24
  37               	/* epilogue start */
  38 0024 0895      		ret
  40               	.global	_Z12UART_Receivev
  42               	_Z12UART_Receivev:
  43               	/* prologue: function */
  44               	/* frame size = 0 */
  45               	/* stack size = 0 */
  46               	.L__stack_usage = 0
  47               	.L7:
  48 0026 8091 C000 		lds r24,192
  49 002a 87FF      		sbrs r24,7
  50 002c 00C0      		rjmp .L7
  51 002e 8091 C600 		lds r24,198
  52               	/* epilogue start */
  53 0032 0895      		ret
  55               		.ident	"GCC: (GNU) 7.3.0"
DEFINED SYMBOLS
                            *ABS*:0000000000000000 uart.cpp
     /tmp/ccMe0xma.s:2      *ABS*:000000000000003e __SP_H__
     /tmp/ccMe0xma.s:3      *ABS*:000000000000003d __SP_L__
     /tmp/ccMe0xma.s:4      *ABS*:000000000000003f __SREG__
     /tmp/ccMe0xma.s:5      *ABS*:0000000000000000 __tmp_reg__
     /tmp/ccMe0xma.s:6      *ABS*:0000000000000001 __zero_reg__
     /tmp/ccMe0xma.s:10     .text:0000000000000000 _Z9UART_Initv
     /tmp/ccMe0xma.s:27     .text:0000000000000018 _Z13UART_Transmith
     /tmp/ccMe0xma.s:42     .text:0000000000000026 _Z12UART_Receivev

NO UNDEFINED SYMBOLS
